commit test on Fri Jul 25 03:39:17 UTC 2025
